
> hortivitalmix@0.1.0 mobile:verify
> node --test scripts/mobile/native-pipeline.test.mjs

✔ bundled assets require packages; server and data changes do not (1.503174ms)
✔ backend origin rejects credentials, insecure/local endpoints and URL paths (0.327999ms)
✔ native versions are bounded positive builds and numeric store versions (0.608649ms)
✔ fingerprint remains stable across package version changes and copied web assets (9.888843ms)
✔ remote live-reload and global fetch patch cannot pass runtime validation (3.522288ms)
✔ prepare stamps Android and iOS consistently using real schema and source SHA (2.784597ms)
✔ invalid native target fails before changing the other project (2.420323ms)
✔ certificate proof requires the actual single signer matching the configured pin (0.332346ms)
✔ APK package proof rejects a validly signed different application or version (0.251265ms)
✔ IPA proof requires signed team, application and actual version without debugging entitlement (0.313498ms)
✔ signed upload destination is immutable and restricted to the project bucket (0.225397ms)
✔ publication is bound to the exact source and signer; no arbitrary iOS installation link (0.333378ms)
✔ CI callback sends the exact matching origin and bearer without following redirects (0.299547ms)
✔ OIDC token is requested only from the GitHub-controlled endpoint for the fixed audience (0.341349ms)
✔ active Actions workflows are absent; native distribution remains preserved (1.838075ms)
ℹ tests 15
ℹ suites 0
ℹ pass 15
ℹ fail 0
ℹ cancelled 0
ℹ skipped 0
ℹ todo 0
ℹ duration_ms 68.26245
