[WebServer] (node:6574) Warning: The 'NO_COLOR' env is ignored due to the 'FORCE_COLOR' env being set.
[WebServer] (Use `node --trace-warnings ...` to show where the warning was created)

Running 44 tests using 1 worker

(node:6589) Warning: The 'NO_COLOR' env is ignored due to the 'FORCE_COLOR' env being set.
(Use `node --trace-warnings ...` to show where the warning was created)
  ✓   1 tests/pwa/installation-updates.spec.ts:35:60 › home installation cards fit 320px (3.2s)
  ✓   2 tests/pwa/installation-updates.spec.ts:35:60 › home installation cards fit 360px (3.1s)
  ✓   3 tests/pwa/installation-updates.spec.ts:35:60 › home installation cards fit 390px (2.9s)
  ✓   4 tests/pwa/installation-updates.spec.ts:35:60 › home installation cards fit 430px (2.9s)
  ✓   5 tests/pwa/installation-updates.spec.ts:35:60 › home installation cards fit 768px (2.9s)
  ✓   6 tests/pwa/installation-updates.spec.ts:35:60 › home installation cards fit 1024px (2.6s)
  ✓   7 tests/pwa/installation-updates.spec.ts:35:60 › home installation cards fit 1440px (2.9s)
  ✓   8 tests/pwa/installation-updates.spec.ts:43:3 › public cards and installation guides fit 320×700 (3.6s)
  ✓   9 tests/pwa/installation-updates.spec.ts:43:3 › public cards and installation guides fit 360×780 (3.8s)
  ✓  10 tests/pwa/installation-updates.spec.ts:43:3 › public cards and installation guides fit 390×844 (2.9s)
  ✓  11 tests/pwa/installation-updates.spec.ts:43:3 › public cards and installation guides fit 430×932 (2.8s)
  ✓  12 tests/pwa/installation-updates.spec.ts:43:3 › public cards and installation guides fit 768×1024 (2.8s)
  ✓  13 tests/pwa/installation-updates.spec.ts:43:3 › public cards and installation guides fit 1024×768 (2.1s)
  ✓  14 tests/pwa/installation-updates.spec.ts:43:3 › public cards and installation guides fit 1440×900 (2.8s)
  ✓  15 tests/pwa/installation-updates.spec.ts:43:3 › public cards and installation guides fit 844×390 (2.8s)
  ✓  16 tests/pwa/installation-updates.spec.ts:61:46 › platform_admin with configuration power: PWA central fits 320px (1.9s)
  ✓  17 tests/pwa/installation-updates.spec.ts:61:46 › platform_admin with configuration power: PWA central fits 390px (2.6s)
  ✓  18 tests/pwa/installation-updates.spec.ts:61:46 › platform_admin with configuration power: PWA central fits 768px (2.8s)
  ✓  19 tests/pwa/installation-updates.spec.ts:61:46 › platform_admin with configuration power: PWA central fits 1440px (2.8s)
  ✓  20 tests/pwa/installation-updates.spec.ts:61:46 › platform_super_admin with configuration power: PWA central fits 320px (2.8s)
  ✓  21 tests/pwa/installation-updates.spec.ts:61:46 › platform_super_admin with configuration power: PWA central fits 390px (1.9s)
  ✓  22 tests/pwa/installation-updates.spec.ts:61:46 › platform_super_admin with configuration power: PWA central fits 768px (2.7s)
  ✓  23 tests/pwa/installation-updates.spec.ts:61:46 › platform_super_admin with configuration power: PWA central fits 1440px (2.0s)
  ✓  24 tests/pwa/installation-updates.spec.ts:69:64 › platform_admin: explicit power denial protects the department (1.9s)
  ✓  25 tests/pwa/installation-updates.spec.ts:69:64 › platform_super_admin: explicit power denial protects the department (2.6s)
  ✓  26 tests/pwa/installation-updates.spec.ts:74:46 › consumer: shared registration works without opening a producer screen (2.6s)
  ✓  27 tests/pwa/installation-updates.spec.ts:74:46 › producer: shared registration works without opening a producer screen (1.2s)
  ✓  28 tests/pwa/installation-updates.spec.ts:80:1 › Android button uses a real event contract and treats simulated accept, cancel and browser confirmation separately (3.3s)
  ✓  29 tests/pwa/installation-updates.spec.ts:97:54 › iphone: Safari assistant and device signals (2.5s)
  ✓  30 tests/pwa/installation-updates.spec.ts:97:54 › ipad: Safari assistant and device signals (2.7s)
  ✓  31 tests/pwa/installation-updates.spec.ts:97:54 › internal: Safari assistant and device signals (2.7s)
  ✓  32 tests/pwa/installation-updates.spec.ts:107:1 › standalone suppresses repeated installation without trusting saved preferences (2.0s)
  ✓  33 tests/pwa/installation-updates.spec.ts:114:1 › a new complete build applies automatically and preserves IndexedDB (12.3s)
  ✓  34 tests/pwa/installation-updates.spec.ts:127:76 › update waits for form and resumes automatically (16.0s)
  ✓  35 tests/pwa/installation-updates.spec.ts:127:76 › update waits for upload and resumes automatically (17.3s)
  ✓  36 tests/pwa/installation-updates.spec.ts:127:76 › update waits for confirmation and resumes automatically (16.7s)
  ✓  37 tests/pwa/installation-updates.spec.ts:127:76 › update waits for offline-queue and resumes automatically (16.6s)
  ✓  38 tests/pwa/installation-updates.spec.ts:149:1 › two tabs wait for the dirty tab before activating either shell (17.5s)
  ✓  39 tests/pwa/installation-updates.spec.ts:164:1 › failed downloads preserve the old cache and recover after a later verification (11.7s)
  ✓  40 tests/pwa/installation-updates.spec.ts:174:1 › offline preserves the shell; reconnection checks the new build without reinstalling (12.5s)
  ✓  41 tests/pwa/installation-updates.spec.ts:184:1 › private/API responses and authorization are absent from static caches (3.9s)
  ✓  42 tests/pwa/installation-updates.spec.ts:192:1 › checkout remains on the old version until its activity is concluded (17.4s)
  ✓  43 tests/pwa/installation-updates.spec.ts:203:1 › first registration controls the identical shell for offline use without reloading work (2.7s)
  ✓  44 tests/pwa/installation-updates.spec.ts:209:1 › two already open documents with different build identities transition coherently (16.7s)

  44 passed (4.1m)
