applied 20260919030126_foundation_releases.sql
applied 20260919030128_identity_roles.sql
applied 20260919030130_global_config_audit.sql
applied 20260919030132_helper_functions.sql
applied 20260919030134_rls_policies.sql
applied 20260919030136_indexes_performance.sql
applied 20260919030138_seeds_canonical.sql
applied 20260919030140_auth_delete_mirror.sql
applied 20260919224500_registration_br_profile.sql
applied 20260919231000_remove_grammatical_treatment.sql
applied 20260920023000_registration_rpc.sql
applied 20260920210710_multi_role_identity.sql
applied 20260920224820_role_scoped_security_flows.sql
applied 20260921193244_trilha02_config_hardening.sql
applied 20260922002647_trilha03_identity_hardening.sql
applied 20260922004505_trilha03_function_grants_hardening.sql
applied 20260922024933_trilha04_contact_recovery.sql
applied 20260922025820_trilha04_performance_hardening.sql
applied 20260922200604_trilha05_admin_governance.sql
applied 20260923022000_trilha05_performance_hardening.sql
applied 20260923194253_trilha05_bootstrap_rpc_finalize.sql
applied 20260924023000_trilha05_admin_principals.sql
applied 20260924114500_trilha05_admin_email_verification.sql
applied 20260924125000_auth_recovery_session_revoke.sql
applied 20260924165427_admin_role_scoped_credentials.sql
applied 20260925002000_trilha06_profile_privacy.sql
applied 20260925003500_trilha06_rls_policy_hardening.sql
applied 20260925010000_trilha06_homologation_hardening.sql
applied 20260925011000_trilha06_fingerprint_normalization_fix.sql
applied 20260925153500_trilha07_address_geocoding.sql
applied 20260926190000_trilha08_rural_properties.sql
applied 20260926223700_trilha08_table_privileges_hardening.sql
applied 20260927143315_access_blocks_rural_lifecycle.sql
applied 20260927202711_account_governance_review.sql
applied 20260928060300_trilha09_document_storage.sql
applied 20260928110512_trilha09_10_document_pipeline.sql
applied 20260929120000_trilha11_verification_queue.sql
applied 20260929133000_trilha11_enqueue_on_submit.sql
applied 20260929200000_trilha11_queue_reopen_and_adjustments.sql
applied 20260930013000_approved_property_withdraw.sql
applied 20260930172000_admin_login_resolver_verification_archive.sql
applied 20260930173900_verification_queue_archive_hardening.sql
applied 20260930184100_property_review_state_sync.sql
applied 20261001002017_admin_portal_separation.sql
applied 20261001032320_advisor_performance_hardening.sql
applied 20261001154144_locality_coverage_foundation.sql
applied 20261001154343_registration_locality_enforcement.sql
applied 20261002170000_producer_onboarding_documents_stage.sql
applied 20261003025010_hortivital_reconstruction_hardening.sql
applied 20261003151000_governance_property_locality_hardening.sql
applied 20261004013902_property_deletion_and_registration_integrity.sql
applied 20261004120547_trilha12_producer_store.sql
applied 20261004133608_trilha13_categories_taxonomy.sql
applied 20261004202124_trilha14_products_and_pricing.sql
applied 20261004235555_trilha15_inventory.sql
applied 20261005002322_trilha15_privileged_inventory_grants.sql
applied 20261005034322_trilha16_service_areas_freight.sql
applied 20261005131647_trilha17_discovery_favorites.sql
applied 20261005144950_registration_consent_fast_confirmation.sql
applied 20261005191237_storefront_media_carousels.sql
applied 20261005210404_trilha18_carts.sql
applied 20261006012938_trilha19_checkout_quotes.sql
applied 20261006023915_audit_sessions_and_client_privileges.sql
applied 20261006180831_trilha20_commerce_protection_prepared.sql
applied 20261007012246_trilha21_orders_state_machine.sql
applied 20261007023213_trilha22_delivery_logistics.sql
applied 20261007104345_trilha23_subscriptions.sql
applied 20261007122255_trilha24_reviews_reputation.sql
applied 20261007140032_roles_sales_notifications.sql
applied 20261007174202_trilha25_offline_sync_bi.sql
applied 20261007205812_independent_profiles_admin_permissions.sql
applied 20261007214314_revoke_profile_client_column_mutations.sql
applied 20261008220225_notification_origin_permissions.sql
applied 20261009023420_app_mobile_distribution.sql
applied 20261009170751_mobile_release_ledger.sql
applied 20261010143000_departments_subscription_refunds.sql
applied 20261010150000_account_erasure_custody.sql
applied 20261010153000_catalog_finance_operations.sql
