
Running 75 tests using 1 worker

(node:13476) Warning: The 'NO_COLOR' env is ignored due to the 'FORCE_COLOR' env being set.
(Use `node --trace-warnings ...` to show where the warning was created)
  ✓   1 tests/e2e/admin-departments-responsive.spec.ts:554:5 › departamento profissional com conteúdo realista: /admin/usuarios 320px (1.0s)
  ✓   2 tests/e2e/admin-departments-responsive.spec.ts:554:5 › departamento profissional com conteúdo realista: /admin/localidades 320px (1.5s)
  ✓   3 tests/e2e/admin-departments-responsive.spec.ts:554:5 › departamento profissional com conteúdo realista: /admin/bloqueios 320px (1.9s)
  ✓   4 tests/e2e/admin-departments-responsive.spec.ts:554:5 › departamento profissional com conteúdo realista: /admin/categorias 320px (1.1s)
  ✓   5 tests/e2e/admin-departments-responsive.spec.ts:554:5 › departamento profissional com conteúdo realista: /admin/bi 320px (968ms)
  ✓   6 tests/e2e/admin-departments-responsive.spec.ts:554:5 › departamento profissional com conteúdo realista: /admin/imoveis 320px (1.1s)
  ✓   7 tests/e2e/admin-departments-responsive.spec.ts:554:5 › departamento profissional com conteúdo realista: /admin/avaliacoes 320px (1.1s)
  ✓   8 tests/e2e/admin-departments-responsive.spec.ts:554:5 › departamento profissional com conteúdo realista: /admin/assinaturas 320px (1.1s)
  ✓   9 tests/e2e/admin-departments-responsive.spec.ts:554:5 › departamento profissional com conteúdo realista: /admin/reembolsos 320px (1.3s)
  ✓  10 tests/e2e/admin-departments-responsive.spec.ts:554:5 › departamento profissional com conteúdo realista: /admin/denuncias 320px (1.2s)
  ✓  11 tests/e2e/admin-departments-responsive.spec.ts:554:5 › departamento profissional com conteúdo realista: /admin/politica-reembolso 320px (1.1s)
  ✓  12 tests/e2e/admin-departments-responsive.spec.ts:554:5 › departamento profissional com conteúdo realista: /admin/pagamentos 320px (1.1s)
  ✓  13 tests/e2e/admin-departments-responsive.spec.ts:554:5 › departamento profissional com conteúdo realista: /admin/usuarios 390px (1.0s)
  ✓  14 tests/e2e/admin-departments-responsive.spec.ts:554:5 › departamento profissional com conteúdo realista: /admin/localidades 390px (1.1s)
  ✓  15 tests/e2e/admin-departments-responsive.spec.ts:554:5 › departamento profissional com conteúdo realista: /admin/bloqueios 390px (1.2s)
  ✓  16 tests/e2e/admin-departments-responsive.spec.ts:554:5 › departamento profissional com conteúdo realista: /admin/categorias 390px (1.3s)
  ✓  17 tests/e2e/admin-departments-responsive.spec.ts:554:5 › departamento profissional com conteúdo realista: /admin/bi 390px (1.2s)
  ✓  18 tests/e2e/admin-departments-responsive.spec.ts:554:5 › departamento profissional com conteúdo realista: /admin/imoveis 390px (1.3s)
  ✓  19 tests/e2e/admin-departments-responsive.spec.ts:554:5 › departamento profissional com conteúdo realista: /admin/avaliacoes 390px (1.3s)
  ✓  20 tests/e2e/admin-departments-responsive.spec.ts:554:5 › departamento profissional com conteúdo realista: /admin/assinaturas 390px (1.4s)
  ✓  21 tests/e2e/admin-departments-responsive.spec.ts:554:5 › departamento profissional com conteúdo realista: /admin/reembolsos 390px (1.4s)
  ✓  22 tests/e2e/admin-departments-responsive.spec.ts:554:5 › departamento profissional com conteúdo realista: /admin/denuncias 390px (1.4s)
  ✓  23 tests/e2e/admin-departments-responsive.spec.ts:554:5 › departamento profissional com conteúdo realista: /admin/politica-reembolso 390px (1.4s)
  ✓  24 tests/e2e/admin-departments-responsive.spec.ts:554:5 › departamento profissional com conteúdo realista: /admin/pagamentos 390px (1.4s)
  ✓  25 tests/e2e/admin-departments-responsive.spec.ts:554:5 › departamento profissional com conteúdo realista: /admin/usuarios 768px (1.0s)
  ✓  26 tests/e2e/admin-departments-responsive.spec.ts:554:5 › departamento profissional com conteúdo realista: /admin/localidades 768px (1.1s)
  ✓  27 tests/e2e/admin-departments-responsive.spec.ts:554:5 › departamento profissional com conteúdo realista: /admin/bloqueios 768px (974ms)
  ✓  28 tests/e2e/admin-departments-responsive.spec.ts:554:5 › departamento profissional com conteúdo realista: /admin/categorias 768px (1.1s)
  ✓  29 tests/e2e/admin-departments-responsive.spec.ts:554:5 › departamento profissional com conteúdo realista: /admin/bi 768px (1.3s)
  ✓  30 tests/e2e/admin-departments-responsive.spec.ts:554:5 › departamento profissional com conteúdo realista: /admin/imoveis 768px (1.1s)
  ✓  31 tests/e2e/admin-departments-responsive.spec.ts:554:5 › departamento profissional com conteúdo realista: /admin/avaliacoes 768px (1.2s)
  ✓  32 tests/e2e/admin-departments-responsive.spec.ts:554:5 › departamento profissional com conteúdo realista: /admin/assinaturas 768px (1.1s)
  ✓  33 tests/e2e/admin-departments-responsive.spec.ts:554:5 › departamento profissional com conteúdo realista: /admin/reembolsos 768px (1.4s)
  ✓  34 tests/e2e/admin-departments-responsive.spec.ts:554:5 › departamento profissional com conteúdo realista: /admin/denuncias 768px (1.3s)
  ✓  35 tests/e2e/admin-departments-responsive.spec.ts:554:5 › departamento profissional com conteúdo realista: /admin/politica-reembolso 768px (1.2s)
  ✓  36 tests/e2e/admin-departments-responsive.spec.ts:554:5 › departamento profissional com conteúdo realista: /admin/pagamentos 768px (1.1s)
  ✓  37 tests/e2e/admin-departments-responsive.spec.ts:554:5 › departamento profissional com conteúdo realista: /admin/usuarios 1440px (1.1s)
  ✓  38 tests/e2e/admin-departments-responsive.spec.ts:554:5 › departamento profissional com conteúdo realista: /admin/localidades 1440px (969ms)
  ✓  39 tests/e2e/admin-departments-responsive.spec.ts:554:5 › departamento profissional com conteúdo realista: /admin/bloqueios 1440px (1.1s)
  ✓  40 tests/e2e/admin-departments-responsive.spec.ts:554:5 › departamento profissional com conteúdo realista: /admin/categorias 1440px (1.2s)
  ✓  41 tests/e2e/admin-departments-responsive.spec.ts:554:5 › departamento profissional com conteúdo realista: /admin/bi 1440px (1.4s)
  ✓  42 tests/e2e/admin-departments-responsive.spec.ts:554:5 › departamento profissional com conteúdo realista: /admin/imoveis 1440px (1.3s)
  ✓  43 tests/e2e/admin-departments-responsive.spec.ts:554:5 › departamento profissional com conteúdo realista: /admin/avaliacoes 1440px (1.2s)
  ✓  44 tests/e2e/admin-departments-responsive.spec.ts:554:5 › departamento profissional com conteúdo realista: /admin/assinaturas 1440px (2.0s)
  ✓  45 tests/e2e/admin-departments-responsive.spec.ts:554:5 › departamento profissional com conteúdo realista: /admin/reembolsos 1440px (1.4s)
  ✓  46 tests/e2e/admin-departments-responsive.spec.ts:554:5 › departamento profissional com conteúdo realista: /admin/denuncias 1440px (1.4s)
  ✓  47 tests/e2e/admin-departments-responsive.spec.ts:554:5 › departamento profissional com conteúdo realista: /admin/politica-reembolso 1440px (1.3s)
  ✓  48 tests/e2e/admin-departments-responsive.spec.ts:554:5 › departamento profissional com conteúdo realista: /admin/pagamentos 1440px (1.3s)
  ✓  49 tests/e2e/admin-departments-responsive.spec.ts:611:1 › filtros de usuários mantêm ações e recuperam a consulta vazia (1.1s)
  ✓  50 tests/e2e/admin-departments-responsive.spec.ts:632:1 › busca por município conserva o controle de cobertura (994ms)
  ✓  51 tests/e2e/admin-departments-responsive.spec.ts:654:3 › localidades exibem lista compacta e conservam cadastro recolhido: platform_admin (1.1s)
  ✓  52 tests/e2e/admin-departments-responsive.spec.ts:688:3 › assinaturas exibem lista compacta e conservam edição recolhida: platform_admin (1.5s)
  ✓  53 tests/e2e/admin-departments-responsive.spec.ts:726:3 › bloqueio confirma a mesma conta e preserva o comando: platform_admin (1.8s)
  ✓  54 tests/e2e/admin-departments-responsive.spec.ts:780:3 › localidade mantém impacto/revisão e permite cancelar confirmação: platform_admin (1.3s)
  ✓  55 tests/e2e/admin-departments-responsive.spec.ts:654:3 › localidades exibem lista compacta e conservam cadastro recolhido: platform_super_admin (1.1s)
  ✓  56 tests/e2e/admin-departments-responsive.spec.ts:688:3 › assinaturas exibem lista compacta e conservam edição recolhida: platform_super_admin (1.4s)
  ✓  57 tests/e2e/admin-departments-responsive.spec.ts:726:3 › bloqueio confirma a mesma conta e preserva o comando: platform_super_admin (1.5s)
  ✓  58 tests/e2e/admin-departments-responsive.spec.ts:780:3 › localidade mantém impacto/revisão e permite cancelar confirmação: platform_super_admin (1.6s)
  ✓  59 tests/e2e/admin-departments-responsive.spec.ts:814:1 › confirmação que retorna outra conta não repete a decisão (1.6s)
  ✓  60 tests/e2e/admin-departments-responsive.spec.ts:850:1 › nova exigência após confirmar encerra retry e conserva o motivo (1.3s)
  ✓  61 tests/e2e/admin-governance-responsive.spec.ts:193:1 › super administrador vê os 52 municípios oficiais pelo nome (881ms)
  ✓  62 tests/e2e/admin-governance-responsive.spec.ts:209:5 › platform_admin: populated administrative screens at 320px (7.8s)
  ✓  63 tests/e2e/admin-governance-responsive.spec.ts:209:5 › platform_admin: populated administrative screens at 390px (6.9s)
  ✓  64 tests/e2e/admin-governance-responsive.spec.ts:209:5 › platform_admin: populated administrative screens at 768px (6.7s)
  ✓  65 tests/e2e/admin-governance-responsive.spec.ts:209:5 › platform_admin: populated administrative screens at 1024px (8.5s)
  ✓  66 tests/e2e/admin-governance-responsive.spec.ts:209:5 › platform_admin: populated administrative screens at 1440px (7.3s)
  ✓  67 tests/e2e/admin-governance-responsive.spec.ts:209:5 › platform_super_admin: populated administrative screens at 320px (8.5s)
  ✓  68 tests/e2e/admin-governance-responsive.spec.ts:209:5 › platform_super_admin: populated administrative screens at 390px (9.7s)
  ✓  69 tests/e2e/admin-governance-responsive.spec.ts:209:5 › platform_super_admin: populated administrative screens at 768px (9.3s)
  ✓  70 tests/e2e/admin-governance-responsive.spec.ts:209:5 › platform_super_admin: populated administrative screens at 1024px (9.4s)
  ✓  71 tests/e2e/admin-governance-responsive.spec.ts:209:5 › platform_super_admin: populated administrative screens at 1440px (9.2s)
  ✓  72 tests/e2e/admin-governance-responsive.spec.ts:267:1 › audit queue keeps one mobile width and a three-column comparator on desktop (1.7s)
  ✓  73 tests/e2e/admin-governance-responsive.spec.ts:296:1 › approved property moves to Arquivados as read-only (1.1s)
  ✓  74 tests/e2e/admin-governance-responsive.spec.ts:307:1 › super administrator confirms block, deletion and registration review (1.4s)
  ✓  75 tests/e2e/admin-governance-responsive.spec.ts:351:1 › configuração sem alterações mantém salvar desabilitado sem cursor de espera (884ms)

  75 passed (2.8m)
