◇ injected env (0) from .env
vite v8.3.0 building client environment for production...
transforming...
✓ 2209 modules transformed.
rendering chunks...
computing gzip size...
dist/index.html                                         1.64 kB │ gzip:   0.65 kB
dist/offline-worker.js                                  5.44 kB
dist/assets/pdf.worker.min-rsCePomN.mjs             1,417.58 kB
dist/assets/PageLoading-DSaTdORa.css                    1.11 kB │ gzip:   0.51 kB
dist/assets/deliveryLogistics-DT6Tp1Uu.css              1.38 kB │ gzip:   0.59 kB
dist/assets/ExecutiveBiDashboardPage-DhXQHaiu.css       1.82 kB │ gzip:   0.67 kB
dist/assets/InventoryLotsPage-DLhnTXYW.css              2.54 kB │ gzip:   0.80 kB
dist/assets/ProducerDeliveryAreaPage-ec3awBsS.css       2.82 kB │ gzip:   0.98 kB
dist/assets/CartPage-iqzYRsEP.css                       2.87 kB │ gzip:   0.92 kB
dist/assets/storefrontMedia-Cwsbetye.css                2.89 kB │ gzip:   0.98 kB
dist/assets/reviews-B4HwxJmN.css                        3.12 kB │ gzip:   1.05 kB
dist/assets/NotificationDetailPage-DmtnVDpZ.css         3.24 kB │ gzip:   0.94 kB
dist/assets/AdminCategoriesPage-C1S2FQ74.css            3.35 kB │ gzip:   1.01 kB
dist/assets/AppDownloadsPage-BOE4-Aq0.css               3.63 kB │ gzip:   1.13 kB
dist/assets/HomeDiscoveryPage-CpqbFj0U.css              3.70 kB │ gzip:   1.12 kB
dist/assets/CheckoutReviewPage-DwAlCdFl.css             4.07 kB │ gzip:   1.24 kB
dist/assets/ProducerStoreSettingsPage-Dth3neKG.css      4.08 kB │ gzip:   1.22 kB
dist/assets/orders-l2I2UcHi.css                         4.46 kB │ gzip:   1.47 kB
dist/assets/commerce-cLFtyZBg.css                       4.79 kB │ gzip:   1.53 kB
dist/assets/AdminDepartmentsPage-BI6x14Mf.css           4.81 kB │ gzip:   1.30 kB
dist/assets/adminOperationsView-DyrR0L4C.css            4.85 kB │ gzip:   1.50 kB
dist/assets/notifications-upMr9swF.css                  5.82 kB │ gzip:   1.57 kB
dist/assets/storeCoverSlides-BjtU43_K.css               9.47 kB │ gzip:   2.52 kB
dist/assets/AdminAppDistributionPage-Dy4u3OWx.css      14.08 kB │ gzip:   3.07 kB
dist/assets/index-C9HxA8l-.css                        188.36 kB │ gzip:  33.72 kB
dist/assets/coerce-4Z-yISZy.js                          0.09 kB │ gzip:   0.10 kB
dist/assets/iso-BoSNZNLv.js                             0.14 kB │ gzip:   0.12 kB
dist/assets/cloud-Dbho2cW9.js                           0.20 kB │ gzip:   0.19 kB
dist/assets/chevron-right-DrN4W-2N.js                   0.27 kB │ gzip:   0.21 kB
dist/assets/rotate-ccw-clock-B4kO9rmp.js                0.30 kB │ gzip:   0.24 kB
dist/assets/esm-BuOLJsic.js                             0.33 kB │ gzip:   0.23 kB
dist/assets/esm-CpTTnHh5.js                             0.34 kB │ gzip:   0.24 kB
dist/assets/web-pYYS7C6n.js                             0.36 kB │ gzip:   0.24 kB
dist/assets/shopping-basket-C8uvz2o6.js                 0.45 kB │ gzip:   0.28 kB
dist/assets/qr-code-BDgsaCDe.js                         0.69 kB │ gzip:   0.33 kB
dist/assets/web-DaKcY4i_.js                             0.84 kB │ gzip:   0.40 kB
dist/assets/cart-B-rwyd3_.js                            1.14 kB │ gzip:   0.54 kB
dist/assets/storeCoverSlides-DjspHCbS.js                1.16 kB │ gzip:   0.60 kB
dist/assets/storefrontMedia-cNxh3Dae.js                 1.25 kB │ gzip:   0.58 kB
dist/assets/reviews-96HUUSZ4.js                         1.30 kB │ gzip:   0.59 kB
dist/assets/discovery-DcB_mEcG.js                       1.32 kB │ gzip:   0.68 kB
dist/assets/deliveryLogistics-DeLcB3dq.js               1.47 kB │ gzip:   0.80 kB
dist/assets/producerSales-FW4173-Q.js                   1.59 kB │ gzip:   0.67 kB
dist/assets/reviews-BkO1KfBK.js                         1.66 kB │ gzip:   0.78 kB
dist/assets/optimizeImage-Jw0LkcwV.js                   2.16 kB │ gzip:   1.10 kB
dist/assets/subscriptions-DZj6A2XA.js                   2.23 kB │ gzip:   1.11 kB
dist/assets/producerStore-BJAzyfCE.js                   2.28 kB │ gzip:   1.02 kB
dist/assets/product-CuqDMtmc.js                         2.47 kB │ gzip:   1.27 kB
dist/assets/AppDownloadsPage-DQMbcW4Q.js                2.84 kB │ gzip:   1.10 kB
dist/assets/createLucideIcon-B1TzBBuP.js                3.13 kB │ gzip:   1.51 kB
dist/assets/RefundPolicy-CPCtKMvQ.js                    3.14 kB │ gzip:   1.45 kB
dist/assets/PosSaleReviewPage-CsffvUzk.js               3.41 kB │ gzip:   1.50 kB
dist/assets/RegionalHighlights-DjWJLhbf.js              3.55 kB │ gzip:   1.69 kB
dist/assets/ProducerCatalogPage-DjcvFlWQ.js             3.95 kB │ gzip:   1.58 kB
dist/assets/ProducerRefundsPage-w04JT88k.js             4.05 kB │ gzip:   1.52 kB
dist/assets/useOrderQuery-DXU_HJ2M.js                   4.19 kB │ gzip:   1.92 kB
dist/assets/ProductCommandFeedback-DPXfZ28I.js          4.24 kB │ gzip:   1.94 kB
dist/assets/DeliveryWindowsPage-BQmAf7WI.js             4.75 kB │ gzip:   2.01 kB
dist/assets/NotificationsPage-vstwIGWi.js               4.79 kB │ gzip:   1.65 kB
dist/assets/NotificationDetailPage-C4z3TNU3.js          5.03 kB │ gzip:   1.84 kB
dist/assets/ProducerSalesPage-DG1BFa01.js               5.23 kB │ gzip:   1.84 kB
dist/assets/PurchasesPage-DyxJlheA.js                   5.33 kB │ gzip:   1.87 kB
dist/assets/AdminReviewsPage-DhquOKRt.js                5.51 kB │ gzip:   2.15 kB
dist/assets/CartPage-DA8N9Szb.js                        6.22 kB │ gzip:   2.15 kB
dist/assets/PaymentPreparedPage-cDG0a_xE.js             6.25 kB │ gzip:   2.37 kB
dist/assets/AdminDepartmentsPage-BhDCO6Hn.js            6.52 kB │ gzip:   2.40 kB
dist/assets/AdminFinancePage-NNGY3iHe.js                7.37 kB │ gzip:   2.52 kB
dist/assets/AdminCatalogPage-CKnEGwwt.js                7.71 kB │ gzip:   2.38 kB
dist/assets/adminOperationsView-kxE8vBOL.js             7.76 kB │ gzip:   3.07 kB
dist/assets/PublicProducerStorePage-BiGYmXoB.js         7.95 kB │ gzip:   2.60 kB
dist/assets/ProducerPosPage-BDvWvjzM.js                 7.96 kB │ gzip:   2.78 kB
dist/assets/ExecutiveBiDashboardPage-CExQ26Jk.js        8.04 kB │ gzip:   3.11 kB
dist/assets/dist-YEHEm6A4.js                            8.71 kB │ gzip:   3.53 kB
dist/assets/HomeDiscoveryPage-Bdgo2-A6.js               9.19 kB │ gzip:   3.38 kB
dist/assets/AdminSubscriptionPlansPage-DvWIJWFB.js      9.39 kB │ gzip:   3.40 kB
dist/assets/ProductEditorPage-AQ9AtbJn.js               9.75 kB │ gzip:   3.35 kB
dist/assets/AdminCommercePage-BX3jpPi0.js               9.76 kB │ gzip:   3.49 kB
dist/assets/SubscriptionPlansPage-BHK8F935.js          10.93 kB │ gzip:   3.79 kB
dist/assets/AdminCategoriesPage-DVweVVDF.js            12.18 kB │ gzip:   4.19 kB
dist/assets/ProducerDeliveryAreaPage-BltHSvZQ.js       12.41 kB │ gzip:   4.50 kB
dist/assets/InventoryLotsPage-DkPMNgbE.js              12.84 kB │ gzip:   4.37 kB
dist/assets/OrderTrackingPage-BXWgf8M8.js              13.32 kB │ gzip:   4.10 kB
dist/assets/CheckoutReviewPage-gOHoe0GR.js             14.48 kB │ gzip:   4.89 kB
dist/assets/ProducerOrdersPage-As9EBpvK.js             14.89 kB │ gzip:   4.93 kB
dist/assets/CasesPage-D72G3BTW.js                      18.44 kB │ gzip:   6.08 kB
dist/assets/PageLoading-CfxFT9Xf.js                    18.66 kB │ gzip:   6.92 kB
dist/assets/ProducerStoreSettingsPage-kYlRJfVm.js      23.11 kB │ gzip:   7.41 kB
dist/assets/AdminAppDistributionPage-C_RDTt_5.js       24.00 kB │ gzip:   7.16 kB
dist/assets/schemas-DlOyAbQU.js                        95.48 kB │ gzip:  26.86 kB
dist/assets/pdf-KojcUDWC.js                           373.59 kB │ gzip: 111.80 kB
dist/assets/index-BK7e2Db4.js                         700.78 kB │ gzip: 198.36 kB

[plugin builtin:vite-reporter]
(!) Some chunks are larger than 500 kB after minification. Consider:
- Using dynamic import() to code-split the application
- Use build.rolldownOptions.output.codeSplitting to improve chunking: https://rolldown.rs/reference/OutputOptions.codeSplitting
- Adjust chunk size limit for this warning via build.chunkSizeWarningLimit.
✓ built in 596ms
Bundle verificado: nenhum segredo detectado.
