✔ bundled assets require packages; server and data changes do not (7.985225ms)
✔ backend origin rejects credentials, insecure/local endpoints and URL paths (7.178327ms)
✔ native versions are bounded positive builds and numeric store versions (0.886487ms)
✔ fingerprint remains stable across package version changes and copied web assets (78.480412ms)
✔ remote live-reload and global fetch patch cannot pass runtime validation (16.441214ms)
✔ prepare stamps Android and iOS consistently using real schema and source SHA (65.080249ms)
✔ invalid native target fails before changing the other project (18.299763ms)
✔ certificate proof requires the actual single signer matching the configured pin (0.454529ms)
✔ APK package proof rejects a validly signed different application or version (1.483997ms)
✔ IPA proof requires signed team, application and actual version without debugging entitlement (0.462131ms)
✔ signed upload destination is immutable and restricted to the project bucket (0.277398ms)
✔ publication is bound to the exact source and signer; no arbitrary iOS installation link (0.530051ms)
✔ CI callback sends the exact matching origin and bearer without following redirects (0.323406ms)
✔ OIDC token is requested only from the GitHub-controlled endpoint for the fixed audience (4.487973ms)
✔ workflow reuses producer artifacts on failed-job retries and isolates signing from pull requests (8.679188ms)
ℹ tests 15
ℹ suites 0
ℹ pass 15
ℹ fail 0
ℹ cancelled 0
ℹ skipped 0
ℹ todo 0
ℹ duration_ms 437.97729
