
Running 34 tests using 1 worker

(node:25857) Warning: The 'NO_COLOR' env is ignored due to the 'FORCE_COLOR' env being set.
(Use `node --trace-warnings ...` to show where the warning was created)
  ✓   1 tests/e2e/admin-invite-exit.spec.ts:181:5 › platform_admin: invalid invite offers only safe site exit (1.9s)
  ✓   2 tests/e2e/admin-invite-exit.spec.ts:181:5 › platform_admin: expired invite offers only safe site exit (1.8s)
  ✓   3 tests/e2e/admin-invite-exit.spec.ts:181:5 › platform_admin: invalidated invite offers only safe site exit (1.6s)
  ✓   4 tests/e2e/admin-invite-exit.spec.ts:181:5 › platform_admin: already_accepted invite offers only safe site exit (1.7s)
  ✓   5 tests/e2e/admin-invite-exit.spec.ts:230:3 › platform_admin: failed revocation keeps the invitation open until a successful retry (1.0s)
  ✓   6 tests/e2e/admin-invite-exit.spec.ts:181:5 › platform_super_admin: invalid invite offers only safe site exit (1.8s)
  ✓   7 tests/e2e/admin-invite-exit.spec.ts:181:5 › platform_super_admin: expired invite offers only safe site exit (1.9s)
  ✓   8 tests/e2e/admin-invite-exit.spec.ts:181:5 › platform_super_admin: invalidated invite offers only safe site exit (1.7s)
  ✓   9 tests/e2e/admin-invite-exit.spec.ts:181:5 › platform_super_admin: already_accepted invite offers only safe site exit (1.6s)
  ✓  10 tests/e2e/admin-invite-exit.spec.ts:230:3 › platform_super_admin: failed revocation keeps the invitation open until a successful retry (1.1s)
  ✓  11 tests/e2e/admin-invite-exit.spec.ts:181:5 › consumer: invalid invite offers only safe site exit (1.5s)
  ✓  12 tests/e2e/admin-invite-exit.spec.ts:181:5 › consumer: expired invite offers only safe site exit (1.6s)
  ✓  13 tests/e2e/admin-invite-exit.spec.ts:181:5 › consumer: invalidated invite offers only safe site exit (1.6s)
  ✓  14 tests/e2e/admin-invite-exit.spec.ts:181:5 › consumer: already_accepted invite offers only safe site exit (1.9s)
  ✓  15 tests/e2e/admin-invite-exit.spec.ts:230:3 › consumer: failed revocation keeps the invitation open until a successful retry (1.0s)
  ✓  16 tests/e2e/admin-invite-exit.spec.ts:181:5 › producer: invalid invite offers only safe site exit (1.6s)
  ✓  17 tests/e2e/admin-invite-exit.spec.ts:181:5 › producer: expired invite offers only safe site exit (3.1s)
  ✓  18 tests/e2e/admin-invite-exit.spec.ts:181:5 › producer: invalidated invite offers only safe site exit (3.2s)
  ✓  19 tests/e2e/admin-invite-exit.spec.ts:181:5 › producer: already_accepted invite offers only safe site exit (1.5s)
  ✓  20 tests/e2e/admin-invite-exit.spec.ts:230:3 › producer: failed revocation keeps the invitation open until a successful retry (871ms)
  ✓  21 tests/e2e/admin-invite-exit.spec.ts:259:1 › back navigation and refresh cannot reactivate a session after invitation exit (2.3s)
  ✓  22 tests/e2e/admin-invite-exit.spec.ts:286:3 › platform_admin: accepting a valid invitation opens a password login after closing the previous account (2.2s)
  ✓  23 tests/e2e/admin-invite-exit.spec.ts:321:3 › platform_admin: accepted invitation cannot navigate to a stale account when logout fails (1.1s)
  ✓  24 tests/e2e/admin-invite-exit.spec.ts:286:3 › platform_super_admin: accepting a valid invitation opens a password login after closing the previous account (2.2s)
  ✓  25 tests/e2e/admin-invite-exit.spec.ts:321:3 › platform_super_admin: accepted invitation cannot navigate to a stale account when logout fails (1.0s)
  ✓  26 tests/e2e/admin-invite-exit.spec.ts:366:1 › exit clears offline producer authentication and cached private data (867ms)
  ✓  27 tests/e2e/admin-invite-exit.spec.ts:405:1 › late producer responses cannot recreate private snapshots after exit (1.2s)
  ✓  28 tests/e2e/admin-invite-exit.spec.ts:449:1 › exit waits for an in-flight refresh and revokes the refreshed administrative credentials (888ms)
  ✓  29 tests/e2e/admin-invite-exit.spec.ts:504:3 › platform_admin: safe invitation exit also removes authenticated UI in another tab (1.8s)
  ✓  30 tests/e2e/admin-invite-exit.spec.ts:504:3 › platform_super_admin: safe invitation exit also removes authenticated UI in another tab (1.7s)
  ✓  31 tests/e2e/admin-invite-exit.spec.ts:504:3 › consumer: safe invitation exit also removes authenticated UI in another tab (1.7s)
  ✓  32 tests/e2e/admin-invite-exit.spec.ts:504:3 › producer: safe invitation exit also removes authenticated UI in another tab (1.7s)
  ✓  33 tests/e2e/admin-invite-exit.spec.ts:543:1 › late administrative validation in another tab cannot restore its portal after exit (1.8s)
  ✓  34 tests/e2e/admin-invite-exit.spec.ts:589:1 › navigating back during activation cannot redirect or log out the next screen (1.0s)

  34 passed (56.6s)
