
Running 38 tests using 1 worker

(node:20985) Warning: The 'NO_COLOR' env is ignored due to the 'FORCE_COLOR' env being set.
(Use `node --trace-warnings ...` to show where the warning was created)
  ✓   1 tests/e2e/app-distribution-departments.spec.ts:70:3 › downloads, departamentos e distribuição cabem em 320px (3.5s)
  ✓   2 tests/e2e/app-distribution-departments.spec.ts:70:3 › downloads, departamentos e distribuição cabem em 390px (2.9s)
  ✓   3 tests/e2e/app-distribution-departments.spec.ts:70:3 › downloads, departamentos e distribuição cabem em 768px (3.3s)
  ✓   4 tests/e2e/app-distribution-departments.spec.ts:70:3 › downloads, departamentos e distribuição cabem em 1440px (3.0s)
  ✓   5 tests/e2e/app-distribution-departments.spec.ts:91:1 › downloads usam endereços estáveis, acompanham versão e retiram canais indisponíveis (864ms)
  ✓   6 tests/e2e/app-distribution-departments.spec.ts:112:1 › downloads mobile mantém a explicação completa em detalhe fechado e acessível (966ms)
  ✓   7 tests/e2e/app-distribution-departments.spec.ts:128:1 › Mais tarde libera o conteúdo, conserva o rascunho e reaparece apenas na próxima versão (1.0s)
  ✓   8 tests/e2e/app-distribution-departments.spec.ts:147:1 › hub filtra respostas antigas por poderes atuais e pelas negativas do super (2.2s)
  ✓   9 tests/e2e/app-distribution-departments.spec.ts:161:1 › publicação preserva o rascunho e a intenção na falha de rede (1.3s)
  ✓  10 tests/e2e/app-distribution-departments.spec.ts:175:1 › conflito mantém edição até descarte explícito e poder revogado esconde configuração (1.3s)
  ✓  11 tests/e2e/app-distribution-departments.spec.ts:196:3 › platform_admin: publicação confirma a mesma identidade, preserva senha incorreta e repete a intenção (1.5s)
  ✓  12 tests/e2e/app-distribution-departments.spec.ts:196:3 › platform_super_admin: publicação confirma a mesma identidade, preserva senha incorreta e repete a intenção (1.9s)
  ✓  13 tests/e2e/app-distribution-departments.spec.ts:243:1 › versão nova exige ação explícita em uma rota segura e recarrega uma vez (3.0s)
  ✓  14 tests/e2e/app-distribution-departments.spec.ts:258:1 › atualização preserva formulário alterado, arquivo selecionado e janela aberta (7.6s)
  ✓  15 tests/e2e/app-distribution-departments.spec.ts:281:1 › atualização aguarda mutações reais e nunca força reload durante uma operação (2.6s)
  ✓  16 tests/e2e/app-distribution-departments.spec.ts:296:1 › fila offline do produtor permanece durável e impede atualização (2.3s)
  ✓  17 tests/e2e/app-distribution-departments.spec.ts:308:1 › troca de usuário durante a verificação durável cancela o reload (2.5s)
  ✓  18 tests/e2e/mobile-release-center.spec.ts:82:3 › central de versões assinadas permanece organizada em 320px (3.4s)
  ✓  19 tests/e2e/mobile-release-center.spec.ts:82:3 › central de versões assinadas permanece organizada em 390px (2.7s)
  ✓  20 tests/e2e/mobile-release-center.spec.ts:82:3 › central de versões assinadas permanece organizada em 768px (2.3s)
  ✓  21 tests/e2e/mobile-release-center.spec.ts:82:3 › central de versões assinadas permanece organizada em 1440px (1.4s)
  ✓  22 tests/e2e/mobile-release-center.spec.ts:104:3 › platform_admin: confirma a mesma identidade e publica exatamente a versão revisada (1.5s)
  ✓  23 tests/e2e/mobile-release-center.spec.ts:104:3 › platform_super_admin: confirma a mesma identidade e publica exatamente a versão revisada (1.9s)
  ✓  24 tests/e2e/mobile-release-center.spec.ts:137:1 › conflito conserva a política editada até descarte explícito e a Apple continua sob revisão (1.4s)
  ✓  25 tests/e2e/mobile-release-center.spec.ts:154:1 › retirada não escolhe uma versão antiga automaticamente e restauração mantém a política mínima (1.4s)
  ✓  26 tests/e2e/mobile-release-center.spec.ts:176:1 › negação explícita do super oculta a central e evita consultar configurações protegidas (897ms)
  ✓  27 tests/e2e/mobile-release-center.spec.ts:185:3 › android: usa o pacote instalado e abre a atualização somente por ação explícita (1.1s)
  ✓  28 tests/e2e/mobile-release-center.spec.ts:185:3 › ios: usa o pacote instalado e abre a atualização somente por ação explícita (1.2s)
  ✓  29 tests/e2e/mobile-release-center.spec.ts:210:1 › aviso opcional pode ser adiado; retirada não oferece instalação antiga e mínimo conhecido continua visível (890ms)
  ✓  30 tests/e2e/mobile-release-center.spec.ts:232:1 › atualização instalada conserva o rascunho e a fila durável do produtor (1.1s)
  ✓  31 tests/e2e/native-documents-transport.spec.ts:22:7 › emulated android protected application/pdf at 390 (907ms)
  ✓  32 tests/e2e/native-documents-transport.spec.ts:22:7 › emulated android protected image/png at 390 (1.1s)
  ✓  33 tests/e2e/native-documents-transport.spec.ts:22:7 › emulated android protected application/pdf at 1440 (871ms)
  ✓  34 tests/e2e/native-documents-transport.spec.ts:22:7 › emulated android protected image/png at 1440 (868ms)
  ✓  35 tests/e2e/native-documents-transport.spec.ts:22:7 › emulated ios protected application/pdf at 390 (889ms)
  ✓  36 tests/e2e/native-documents-transport.spec.ts:22:7 › emulated ios protected image/png at 390 (1.0s)
  ✓  37 tests/e2e/native-documents-transport.spec.ts:22:7 › emulated ios protected application/pdf at 1440 (947ms)
  ✓  38 tests/e2e/native-documents-transport.spec.ts:22:7 › emulated ios protected image/png at 1440 (1.4s)

  38 passed (1.2m)
