{"path":"/","width":320,"height":2270,"pageErrors":0}
{"path":"/entrar/consumidor","width":320,"height":845,"pageErrors":0}
{"path":"/entrar/produtor","width":320,"height":844,"pageErrors":0}
{"path":"/entrar/administrador","width":320,"height":866,"pageErrors":0}
{"path":"/entrar/super-administrador","width":320,"height":882,"pageErrors":0}
{"path":"/administracao","width":320,"height":844,"pageErrors":0}
{"path":"/produtos","width":320,"height":1252,"pageErrors":0}
{"path":"/produtores","width":320,"height":1218,"pageErrors":0}
{"path":"/planos","width":320,"height":1111,"pageErrors":0}
{"path":"/sobre","width":320,"height":844,"pageErrors":0}
{"path":"/aplicativos","width":320,"height":844,"pageErrors":0}
{"path":"/admin/aceitar-convite","width":320,"height":844,"pageErrors":0}
{"path":"/","width":390,"height":2180,"pageErrors":0}
{"path":"/entrar/consumidor","width":390,"height":844,"pageErrors":0}
{"path":"/entrar/produtor","width":390,"height":844,"pageErrors":0}
{"path":"/entrar/administrador","width":390,"height":844,"pageErrors":0}
{"path":"/entrar/super-administrador","width":390,"height":844,"pageErrors":0}
{"path":"/administracao","width":390,"height":844,"pageErrors":0}
{"path":"/produtos","width":390,"height":1304,"pageErrors":0}
{"path":"/produtores","width":390,"height":1199,"pageErrors":0}
{"path":"/planos","width":390,"height":1012,"pageErrors":0}
{"path":"/sobre","width":390,"height":844,"pageErrors":0}
{"path":"/aplicativos","width":390,"height":844,"pageErrors":0}
{"path":"/admin/aceitar-convite","width":390,"height":844,"pageErrors":0}
{"path":"/","width":768,"height":1743,"pageErrors":0}
{"path":"/entrar/consumidor","width":768,"height":900,"pageErrors":0}
{"path":"/entrar/produtor","width":768,"height":900,"pageErrors":0}
{"path":"/entrar/administrador","width":768,"height":900,"pageErrors":0}
{"path":"/entrar/super-administrador","width":768,"height":900,"pageErrors":0}
{"path":"/administracao","width":768,"height":900,"pageErrors":0}
{"path":"/produtos","width":768,"height":1188,"pageErrors":0}
{"path":"/produtores","width":768,"height":900,"pageErrors":0}
{"path":"/planos","width":768,"height":1052,"pageErrors":0}
{"path":"/sobre","width":768,"height":900,"pageErrors":0}
{"path":"/aplicativos","width":768,"height":927,"pageErrors":0}
{"path":"/admin/aceitar-convite","width":768,"height":900,"pageErrors":0}
{"path":"/","width":1440,"height":1617,"pageErrors":0}
{"path":"/entrar/consumidor","width":1440,"height":900,"pageErrors":0}
{"path":"/entrar/produtor","width":1440,"height":900,"pageErrors":0}
{"path":"/entrar/administrador","width":1440,"height":900,"pageErrors":0}
{"path":"/entrar/super-administrador","width":1440,"height":900,"pageErrors":0}
{"path":"/administracao","width":1440,"height":900,"pageErrors":0}
{"path":"/produtos","width":1440,"height":916,"pageErrors":0}
{"path":"/produtores","width":1440,"height":900,"pageErrors":0}
{"path":"/planos","width":1440,"height":951,"pageErrors":0}
{"path":"/sobre","width":1440,"height":900,"pageErrors":0}
{"path":"/aplicativos","width":1440,"height":900,"pageErrors":0}
{"path":"/admin/aceitar-convite","width":1440,"height":900,"pageErrors":0}
