
Running 55 tests using 1 worker

(node:22886) Warning: The 'NO_COLOR' env is ignored due to the 'FORCE_COLOR' env being set.
(Use `node --trace-warnings ...` to show where the warning was created)
  ✓   1 tests/e2e/admin-invite-exit.spec.ts:181:5 › platform_admin: invalid invite offers only safe site exit (2.6s)
  ✓   2 tests/e2e/admin-invite-exit.spec.ts:181:5 › platform_admin: expired invite offers only safe site exit (2.3s)
  ✓   3 tests/e2e/admin-invite-exit.spec.ts:181:5 › platform_admin: invalidated invite offers only safe site exit (2.3s)
  ✓   4 tests/e2e/admin-invite-exit.spec.ts:181:5 › platform_admin: already_accepted invite offers only safe site exit (2.3s)
  ✓   5 tests/e2e/admin-invite-exit.spec.ts:230:3 › platform_admin: failed revocation keeps the invitation open until a successful retry (1.5s)
  ✓   6 tests/e2e/admin-invite-exit.spec.ts:181:5 › platform_super_admin: invalid invite offers only safe site exit (2.5s)
  ✓   7 tests/e2e/admin-invite-exit.spec.ts:181:5 › platform_super_admin: expired invite offers only safe site exit (2.3s)
  ✓   8 tests/e2e/admin-invite-exit.spec.ts:181:5 › platform_super_admin: invalidated invite offers only safe site exit (2.5s)
  ✓   9 tests/e2e/admin-invite-exit.spec.ts:181:5 › platform_super_admin: already_accepted invite offers only safe site exit (2.5s)
  ✓  10 tests/e2e/admin-invite-exit.spec.ts:230:3 › platform_super_admin: failed revocation keeps the invitation open until a successful retry (1.5s)
  ✓  11 tests/e2e/admin-invite-exit.spec.ts:181:5 › consumer: invalid invite offers only safe site exit (4.5s)
  ✓  12 tests/e2e/admin-invite-exit.spec.ts:181:5 › consumer: expired invite offers only safe site exit (1.6s)
  ✓  13 tests/e2e/admin-invite-exit.spec.ts:181:5 › consumer: invalidated invite offers only safe site exit (1.6s)
  ✓  14 tests/e2e/admin-invite-exit.spec.ts:181:5 › consumer: already_accepted invite offers only safe site exit (1.6s)
  ✓  15 tests/e2e/admin-invite-exit.spec.ts:230:3 › consumer: failed revocation keeps the invitation open until a successful retry (1.0s)
  ✓  16 tests/e2e/admin-invite-exit.spec.ts:181:5 › producer: invalid invite offers only safe site exit (1.8s)
  ✓  17 tests/e2e/admin-invite-exit.spec.ts:181:5 › producer: expired invite offers only safe site exit (1.8s)
  ✓  18 tests/e2e/admin-invite-exit.spec.ts:181:5 › producer: invalidated invite offers only safe site exit (1.9s)
  ✓  19 tests/e2e/admin-invite-exit.spec.ts:181:5 › producer: already_accepted invite offers only safe site exit (1.7s)
  ✓  20 tests/e2e/admin-invite-exit.spec.ts:230:3 › producer: failed revocation keeps the invitation open until a successful retry (993ms)
  ✓  21 tests/e2e/admin-invite-exit.spec.ts:259:1 › back navigation and refresh cannot reactivate a session after invitation exit (2.5s)
  ✓  22 tests/e2e/admin-invite-exit.spec.ts:286:3 › platform_admin: accepting a valid invitation opens a password login after closing the previous account (2.3s)
  ✓  23 tests/e2e/admin-invite-exit.spec.ts:321:3 › platform_admin: accepted invitation cannot navigate to a stale account when logout fails (1.0s)
  ✓  24 tests/e2e/admin-invite-exit.spec.ts:286:3 › platform_super_admin: accepting a valid invitation opens a password login after closing the previous account (2.4s)
  ✓  25 tests/e2e/admin-invite-exit.spec.ts:321:3 › platform_super_admin: accepted invitation cannot navigate to a stale account when logout fails (1.0s)
  ✓  26 tests/e2e/admin-invite-exit.spec.ts:366:1 › exit clears offline producer authentication and cached private data (977ms)
  ✓  27 tests/e2e/admin-invite-exit.spec.ts:405:1 › late producer responses cannot recreate private snapshots after exit (1.0s)
  ✓  28 tests/e2e/admin-invite-exit.spec.ts:449:1 › exit waits for an in-flight refresh and revokes the refreshed administrative credentials (1.0s)
  ✓  29 tests/e2e/admin-invite-exit.spec.ts:504:3 › platform_admin: safe invitation exit also removes authenticated UI in another tab (2.0s)
  ✓  30 tests/e2e/admin-invite-exit.spec.ts:504:3 › platform_super_admin: safe invitation exit also removes authenticated UI in another tab (1.8s)
  ✓  31 tests/e2e/admin-invite-exit.spec.ts:504:3 › consumer: safe invitation exit also removes authenticated UI in another tab (2.0s)
  ✓  32 tests/e2e/admin-invite-exit.spec.ts:504:3 › producer: safe invitation exit also removes authenticated UI in another tab (2.2s)
  ✓  33 tests/e2e/admin-invite-exit.spec.ts:543:1 › late administrative validation in another tab cannot restore its portal after exit (1.8s)
  ✓  34 tests/e2e/admin-invite-exit.spec.ts:589:1 › navigating back during activation cannot redirect or log out the next screen (1.3s)
  ✓  35 tests/e2e/shell-compact-categories.spec.ts:62:3 › todas as áreas de platform_admin estão acessíveis no desktop 768x844 (1.9s)
  ✓  36 tests/e2e/shell-compact-categories.spec.ts:62:3 › todas as áreas de platform_admin estão acessíveis no desktop 1280x720 (1.8s)
  ✓  37 tests/e2e/shell-compact-categories.spec.ts:62:3 › todas as áreas de platform_admin estão acessíveis no desktop 1440x768 (1.8s)
  ✓  38 tests/e2e/shell-compact-categories.spec.ts:62:3 › todas as áreas de platform_admin estão acessíveis no desktop 1024x768 (1.8s)
  ✓  39 tests/e2e/shell-compact-categories.spec.ts:62:3 › todas as áreas de platform_super_admin estão acessíveis no desktop 768x844 (1.9s)
  ✓  40 tests/e2e/shell-compact-categories.spec.ts:62:3 › todas as áreas de platform_super_admin estão acessíveis no desktop 1280x720 (2.0s)
  ✓  41 tests/e2e/shell-compact-categories.spec.ts:62:3 › todas as áreas de platform_super_admin estão acessíveis no desktop 1440x768 (1.9s)
  ✓  42 tests/e2e/shell-compact-categories.spec.ts:62:3 › todas as áreas de platform_super_admin estão acessíveis no desktop 1024x768 (1.9s)
  ✓  43 tests/e2e/shell-compact-categories.spec.ts:86:3 › menu de platform_admin mobile mantém o formato e todas as áreas do desktop em 320x844 (2.0s)
  ✓  44 tests/e2e/shell-compact-categories.spec.ts:86:3 › menu de platform_admin mobile mantém o formato e todas as áreas do desktop em 390x844 (2.0s)
  ✓  45 tests/e2e/shell-compact-categories.spec.ts:86:3 › menu de platform_admin mobile mantém o formato e todas as áreas do desktop em 430x844 (2.1s)
  ✓  46 tests/e2e/shell-compact-categories.spec.ts:86:3 › menu de platform_super_admin mobile mantém o formato e todas as áreas do desktop em 320x844 (2.1s)
  ✓  47 tests/e2e/shell-compact-categories.spec.ts:86:3 › menu de platform_super_admin mobile mantém o formato e todas as áreas do desktop em 390x844 (2.0s)
  ✓  48 tests/e2e/shell-compact-categories.spec.ts:86:3 › menu de platform_super_admin mobile mantém o formato e todas as áreas do desktop em 430x844 (2.1s)
  ✓  49 tests/e2e/shell-compact-categories.spec.ts:125:64 › menu de platform_admin em tela baixa mantém marca e rodapé fixos e todas as áreas alcançáveis (1.0s)
  ✓  50 tests/e2e/shell-compact-categories.spec.ts:125:64 › menu de platform_super_admin em tela baixa mantém marca e rodapé fixos e todas as áreas alcançáveis (997ms)
  ✓  51 tests/e2e/shell-compact-categories.spec.ts:148:64 › grupos preservam os setores revogados de platform_admin (907ms)
  ✓  52 tests/e2e/shell-compact-categories.spec.ts:148:64 › grupos preservam os setores revogados de platform_super_admin (911ms)
  ✓  53 tests/e2e/shell-compact-categories.spec.ts:162:38 › categorias completas quebram em linhas sem rolagem lateral em 320px (1.1s)
  ✓  54 tests/e2e/shell-compact-categories.spec.ts:162:38 › categorias completas quebram em linhas sem rolagem lateral em 390px (1.1s)
  ✓  55 tests/e2e/shell-compact-categories.spec.ts:162:38 › categorias completas quebram em linhas sem rolagem lateral em 600px (942ms)

  55 passed (1.7m)
