Downloading https://services.gradle.org/distributions/gradle-8.14.3-all.zip
.....................10%.....................20%......................30%.....................40%......................50%.....................60%.....................70%......................80%.....................90%......................100%

Welcome to Gradle 8.14.3!

Here are the highlights of this release:
 - Java 24 support
 - GraalVM Native Image toolchain selection
 - Enhancements to test reporting
 - Build Authoring improvements

For more details see https://docs.gradle.org/8.14.3/release-notes.html


------------------------------------------------------------
Gradle 8.14.3
------------------------------------------------------------

Build time:    2025-07-04 13:15:44 UTC
Revision:      e5ee1df3d88b8ca3a8074787a94f373e3090e1db

Kotlin:        2.0.21
Groovy:        3.0.24
Ant:           Apache Ant(TM) version 1.10.15 compiled on August 25 2024
Launcher JVM:  21.0.12.1 (Debian 21.0.12.1+1-1-deb13u1-Debian)
Daemon JVM:    /usr/lib/jvm/java-21-openjdk-amd64 (no JDK specified, using current Java home)
OS:            Linux 6.18.44 amd64
